/home/poyasharonlin/SPARKO/Sparko-api/require_app.rb:6:in `require': /home/poyasharonlin/SPARKO/Sparko-api/config/environment.rb:18: syntax error, unexpected ',' (SyntaxError)
        environment:,
                    ^
/home/poyasharonlin/SPARKO/Sparko-api/config/environment.rb:20: syntax error, unexpected ')', expecting `end'
      )
      ^
/home/poyasharonlin/SPARKO/Sparko-api/config/environment.rb:36: syntax error, unexpected ','
        environment:,
                    ^
/home/poyasharonlin/SPARKO/Sparko-api/config/environment.rb:38: syntax error, unexpected ')', expecting `end'
      )
      ^
/home/poyasharonlin/SPARKO/Sparko-api/config/environment.rb:60: syntax error, unexpected `end', expecting end-of-input
  end
  ^~~
	from /home/poyasharonlin/SPARKO/Sparko-api/require_app.rb:6:in `block in require_app'
	from /home/poyasharonlin/SPARKO/Sparko-api/require_app.rb:5:in `each'
	from /home/poyasharonlin/SPARKO/Sparko-api/require_app.rb:5:in `require_app'
	from /home/poyasharonlin/SPARKO/Sparko-api/spec/helpers/spec_helper.rb:12:in `<top (required)>'
	from /home/poyasharonlin/SPARKO/Sparko-api/spec/tests/acceptance/api_v1_spec.rb:3:in `require_relative'
	from /home/poyasharonlin/SPARKO/Sparko-api/spec/tests/acceptance/api_v1_spec.rb:3:in `<top (required)>'
	from /var/lib/gems/3.0.0/gems/rake-13.3.1/lib/rake/rake_test_loader.rb:21:in `require'
	from /var/lib/gems/3.0.0/gems/rake-13.3.1/lib/rake/rake_test_loader.rb:21:in `block in <main>'
	from /var/lib/gems/3.0.0/gems/rake-13.3.1/lib/rake/rake_test_loader.rb:6:in `select'
	from /var/lib/gems/3.0.0/gems/rake-13.3.1/lib/rake/rake_test_loader.rb:6:in `<main>'
rake aborted!
Command failed with status (1)
/var/lib/gems/3.0.0/gems/rake-13.3.1/exe/rake:27:in `<top (required)>'
Tasks: TOP => spec
(See full trace by running task with --trace)
